{"level":"error","message":"No search results for query: track: artist:"}
{"level":"error","message":"No search results for query: track: artist:"}
{"level":"error","message":"No search results for query: track: artist:"}
{"level":"error","message":"No search results for query: track: artist:"}
{"level":"error","message":"No search results for query: track: artist:"}
{"level":"error","message":"No search results for query: track: artist:"}
{"level":"error","message":"No search results for query: track: artist:"}
{"level":"error","message":"No search results for query: track: artist:"}
{"level":"error","message":"No search results for query: track: artist:"}
{"level":"error","message":"No search results for query: track:I'm a Mess artist:Bebe Rexha"}
{"level":"error","message":"No search results for query: track:i'm so tired... artist:Lauv, Troye Sivan"}
{"level":"error","message":"No search results for query: track:Don't Call Me Up artist:Mabel"}
{"level":"error","message":"No search results for query: track: artist:"}
{"level":"error","message":"No search results for query: track:Carry On (from the Original Motion Picture \"POKÉMON Detective Pikachu\") artist:Kygo, Rita Ora"}
{"level":"error","message":"No search results for query: track: artist:"}
{"level":"error","message":"No search results for query: track: artist:"}
{"level":"error","message":"No search results for query: track:Don't Worry Bout Me artist:Zara Larsson"}
{"level":"error","message":"No search results for query: track: artist:"}
{"level":"error","message":"No search results for query: track: artist:"}
{"level":"error","message":"No search results for query: track: artist:"}
{"level":"error","message":"No search results for query: track:Don't Check On Me (feat. Justin Bieber & Ink) artist:Chris Brown, Justin Bieber, Ink"}
{"level":"error","message":"No search results for query: track:I skyggen (feat. Den nye Mads Hansen) artist:Bernt Hulsker, Den nye Mads Hansen"}
{"level":"error","message":"No search results for query: track:Can't Get Over You artist:Nick Strand, Mio"}
{"level":"error","message":"No search results for query: track: artist:"}
{"level":"error","message":"No search results for query: track: artist:"}
{"level":"error","message":"No search results for query: track: artist:"}
{"level":"error","message":"No search results for query: track:I'll Wait artist:Kygo, Sasha Alex Sloan"}
{"level":"error","message":"No search results for query: track: artist:"}
{"level":"error","message":"No search results for query: track: artist:"}
{"level":"error","message":"No search results for query: track: artist:"}
{"level":"error","message":"No search results for query: track: artist:"}
{"level":"error","message":"No search results for query: track: artist:"}
{"level":"error","message":"No search results for query: track: artist:"}
{"level":"error","message":"No search results for query: track: artist:"}
{"level":"error","message":"No search results for query: track: artist:"}
{"level":"error","message":"No search results for query: track: artist:"}
{"level":"error","message":"No search results for query: track:Stay With Me (From the Original Netflix Series \"Home For Christmas Season 2\") artist:Emma Steinbakken"}
{"level":"error","message":"No search results for query: track:Who's Gonna Love You (feat. Isah) artist:Emilie Nicolas, Isah"}
{"level":"error","message":"No search results for query: track:Jeg glemmer deg aldri - fra Rådebank artist:Emma Steinbakken"}
{"level":"error","message":"No search results for query: track: artist:"}
{"level":"error","message":"No search results for query: track:Den fineste Chevy'n (feat. Maria Mena) artist:Halva Priset, Maria Mena"}
{"level":"error","message":"No search results for query: track: artist:"}
{"level":"error","message":"No search results for query: track: artist:"}
{"level":"error","message":"No search results for query: track:Den fineste Chevy'n (feat. Maria Mena) artist:Halva Priset, Maria Mena"}
{"level":"error","message":"No search results for query: track: artist:"}
{"level":"error","message":"No search results for query: track: artist:"}
{"level":"error","message":"No search results for query: track: artist:"}
{"level":"error","message":"No search results for query: track: artist:"}
{"level":"error","message":"No search results for query: track:Jeg glemmer deg aldri - fra Rådebank artist:Emma Steinbakken"}
{"level":"error","message":"No search results for query: track: artist:"}
{"level":"error","message":"No search results for query: track:Don't Go Yet artist:Camila Cabello"}
{"level":"error","message":"No search results for query: track: artist:"}
{"level":"error","message":"No search results for query: track:NOT SOBER (feat. Polo G & Stunna Gambino) artist:The Kid LAROI, Polo G, Stunna Gambino"}
{"level":"error","message":"No search results for query: track:Den fineste Chevy'n (feat. Maria Mena) artist:Halva Priset, Maria Mena"}
{"level":"error","message":"No search results for query: track:Jeg glemmer deg aldri - fra Rådebank artist:Emma Steinbakken"}
{"level":"error","message":"No search results for query: track:It'll Be Okay artist:Shawn Mendes"}
{"level":"error","message":"No search results for query: track:Den fineste Chevy'n (feat. Maria Mena) artist:Halva Priset, Maria Mena"}
{"level":"error","message":"No search results for query: track:Klask 2022 (Hjemmesnekk) artist:Kudos, Madcum"}
{"level":"error","message":"No search results for query: track:Bonanza (feat. Greekazo) artist:Roc Boyz, Greekazo"}
{"level":"error","message":"No search results for query: track:(Spotify Charts - Spotify Charts Are Made by Fans, 2022) artist:"}
{"level":"error","message":"No search results for query: track: artist:"}
{"level":"error","message":"No search results for query: track: artist:"}
{"level":"error","message":"No search results for query: track:Den fineste Chevy'n (feat. Maria Mena) artist:Halva Priset, Maria Mena"}
{"level":"error","message":"No search results for query: track: artist:"}
{"level":"error","message":"No search results for query: track: artist:"}
{"level":"error","message":"No search results for query: track:(Spotify Charts - Spotify Charts Are Made by Fans, 2022b) artist:"}
{"level":"error","message":"No search results for query: track:Bonanza (feat. Greekazo) artist:Roc Boyz, Greekazo"}
{"level":"error","message":"No search results for query: track: artist:"}
{"level":"error","message":"No search results for query: track:Den fineste Chevy'n (feat. Maria Mena) artist:Halva Priset, Maria Mena"}
{"level":"error","message":"No search results for query: track: artist:"}
{"level":"error","message":"No search results for query: track: artist:"}
{"level":"error","message":"No search results for query: track:Bonanza (feat. Greekazo) artist:Roc Boyz, Greekazo"}
{"level":"error","message":"No search results for query: track:Mawbys artist:Brødrene Bausa, Thomskalle, Ginger Joe"}
{"level":"error","message":"No search results for query: track:(Spotify Charts - Spotify Charts Are Made by Fans, 2022c) artist:"}
